
> frontend@0.1.0 start
> react-scripts start

node.exe : node:internal/modu
les/cjs/loader:1386
At line:1 char:1
+ & "C:\Program 
Files\nodejs/node.exe" 
"C:\Program 
Files\nodejs/node_mo ...
+ ~~~~~~~~~~~~~~~~~~~~~~~~~~~
~~~~~~~~~~~~~~~~~~~~~~~~~~~~~
~~~~~~~~~~~~~
    + CategoryInfo           
   : NotSpecified: (node:in  
  ternal/modules/cjs/loade   
 r:1386:String) [], Remot    
eException
    + FullyQualifiedErrorId  
   : NativeCommandError
 
  throw err;
  ^

Error: Cannot find module 
'./Entrypoint'
Require stack:
- C:\Users\diksh\OneDrive\Des
ktop\My_Project\Infosys 
Project\improve the UI\Web-Pl
atform-for-Freelance-Services
-and-Skill-Matching_Feb_Batch
-8_2026\frontend\node_modules
\webpack\lib\ChunkGraph.js
- C:\Users\diksh\OneDrive\Des
ktop\My_Project\Infosys 
Project\improve the UI\Web-Pl
atform-for-Freelance-Services
-and-Skill-Matching_Feb_Batch
-8_2026\frontend\node_modules
\webpack\lib\Chunk.js
- C:\Users\diksh\OneDrive\Des
ktop\My_Project\Infosys 
Project\improve the UI\Web-Pl
atform-for-Freelance-Services
-and-Skill-Matching_Feb_Batch
-8_2026\frontend\node_modules
\webpack\lib\Compilation.js
- C:\Users\diksh\OneDrive\Des
ktop\My_Project\Infosys 
Project\improve the UI\Web-Pl
atform-for-Freelance-Services
-and-Skill-Matching_Feb_Batch
-8_2026\frontend\node_modules
\webpack\lib\NormalModule.js
- C:\Users\diksh\OneDrive\Des
ktop\My_Project\Infosys 
Project\improve the UI\Web-Pl
atform-for-Freelance-Services
-and-Skill-Matching_Feb_Batch
-8_2026\frontend\node_modules
\webpack-manifest-plugin\dist
\index.js
- C:\Users\diksh\OneDrive\Des
ktop\My_Project\Infosys 
Project\improve the UI\Web-Pl
atform-for-Freelance-Services
-and-Skill-Matching_Feb_Batch
-8_2026\frontend\node_modules
\react-scripts\config\webpack
.config.js
- C:\Users\diksh\OneDrive\Des
ktop\My_Project\Infosys 
Project\improve the UI\Web-Pl
atform-for-Freelance-Services
-and-Skill-Matching_Feb_Batch
-8_2026\frontend\node_modules
\react-scripts\scripts\start.
js
    at 
Function._resolveFilename (no
de:internal/modules/cjs/loade
r:1383:15)
    at defaultResolveImpl (no
de:internal/modules/cjs/loade
r:1025:19)
    at 
resolveForCJSWithHooks (node:
internal/modules/cjs/loader:1
030:22)
    at Function._load (node:i
nternal/modules/cjs/loader:11
92:37)
    at 
TracingChannel.traceSync (nod
e:diagnostics_channel:322:14)
    at wrapModuleLoad (node:i
nternal/modules/cjs/loader:23
7:24)
    at Module.require (node:i
nternal/modules/cjs/loader:14
63:12)
    at require (node:internal
/modules/helpers:147:16)
    at Object.<anonymous> (C:
\Users\diksh\OneDrive\Desktop
\My_Project\Infosys 
Project\improve the UI\Web-Pl
atform-for-Freelance-Services
-and-Skill-Matching_Feb_Batch
-8_2026\frontend\node_modules
\webpack\lib\ChunkGraph.js:9:
20)
    at Module._compile (node:
internal/modules/cjs/loader:1
706:14) {
  code: 'MODULE_NOT_FOUND',
  requireStack: [
    'C:\\Users\\diksh\\OneDri
ve\\Desktop\\My_Project\\Info
sys Project\\improve the UI\\
Web-Platform-for-Freelance-Se
rvices-and-Skill-Matching_Feb
_Batch-8_2026\\frontend\\node
_modules\\webpack\\lib\\Chunk
Graph.js',
    'C:\\Users\\diksh\\OneDri
ve\\Desktop\\My_Project\\Info
sys Project\\improve the UI\\
Web-Platform-for-Freelance-Se
rvices-and-Skill-Matching_Feb
_Batch-8_2026\\frontend\\node
_modules\\webpack\\lib\\Chunk
.js',
    'C:\\Users\\diksh\\OneDri
ve\\Desktop\\My_Project\\Info
sys Project\\improve the UI\\
Web-Platform-for-Freelance-Se
rvices-and-Skill-Matching_Feb
_Batch-8_2026\\frontend\\node
_modules\\webpack\\lib\\Compi
lation.js',
    'C:\\Users\\diksh\\OneDri
ve\\Desktop\\My_Project\\Info
sys Project\\improve the UI\\
Web-Platform-for-Freelance-Se
rvices-and-Skill-Matching_Feb
_Batch-8_2026\\frontend\\node
_modules\\webpack\\lib\\Norma
lModule.js',
    'C:\\Users\\diksh\\OneDri
ve\\Desktop\\My_Project\\Info
sys Project\\improve the UI\\
Web-Platform-for-Freelance-Se
rvices-and-Skill-Matching_Feb
_Batch-8_2026\\frontend\\node
_modules\\webpack-manifest-pl
ugin\\dist\\index.js',
    'C:\\Users\\diksh\\OneDri
ve\\Desktop\\My_Project\\Info
sys Project\\improve the UI\\
Web-Platform-for-Freelance-Se
rvices-and-Skill-Matching_Feb
_Batch-8_2026\\frontend\\node
_modules\\react-scripts\\conf
ig\\webpack.config.js',
    'C:\\Users\\diksh\\OneDri
ve\\Desktop\\My_Project\\Info
sys Project\\improve the UI\\
Web-Platform-for-Freelance-Se
rvices-and-Skill-Matching_Feb
_Batch-8_2026\\frontend\\node
_modules\\react-scripts\\scri
pts\\start.js'
  ]
}

Node.js v22.20.0
